[INFO] Scanning for projects...
[INFO] 
[INFO] ----------------------< com.mom:account-service >-----------------------
[INFO] Building account-service 0.0.1-SNAPSHOT
[INFO]   from pom.xml
[INFO] --------------------------------[ jar ]---------------------------------
[INFO] 
[INFO] >>> spring-boot:3.3.3:run (default-cli) > test-compile @ account-service >>>
[INFO] 
[INFO] --- resources:3.3.1:resources (default-resources) @ account-service ---
[INFO] Copying 2 resources from src\main\resources to target\classes
[INFO] Copying 4 resources from src\main\resources to target\classes
[INFO] 
[INFO] --- compiler:3.13.0:compile (default-compile) @ account-service ---
[INFO] Nothing to compile - all classes are up to date.
[INFO] 
[INFO] --- resources:3.3.1:testResources (default-testResources) @ account-service ---
[INFO] skip non existing resourceDirectory D:\AI-AGENT\BabySystem\codebase\backend\account-service\src\test\resources
[INFO] 
[INFO] --- compiler:3.13.0:testCompile (default-testCompile) @ account-service ---
[INFO] Recompiling the module because of changed source code.
[INFO] Compiling 1 source file with javac [debug parameters release 17] to target\test-classes
[INFO] 
[INFO] <<< spring-boot:3.3.3:run (default-cli) < test-compile @ account-service <<<
[INFO] 
[INFO] 
[INFO] --- spring-boot:3.3.3:run (default-cli) @ account-service ---
[INFO] Attaching agents: []
?     _                             _     ____                  _          
    / \   ___ ___ ___  _   _ _ __ | |_  / ___|  ___ _ ____   _(_) ___ ___ 
   / _ \ / __/ __/ _ \| | | | '_ \| __| \___ \ / _ \ '__\ \ / / |/ __/ _ \
  / ___ \ (_| (_| (_) | |_| | | | | |_   ___) |  __/ |   \ V /| | (_|  __/
 /_/   \_\___\___\___/ \__,_|_| |_|\__| |____/ \___|_|    \_/ |_|\___\___|
                                                                          

2026-05-17T21:36:56.314+07:00  INFO 32088 --- [account-service] [           main] c.mom.account.AccountServiceApplication  : Starting AccountServiceApplication using Java 17.0.8 with PID 32088 (D:\AI-AGENT\BabySystem\codebase\backend\account-service\target\classes started by admin in D:\AI-AGENT\BabySystem\codebase\backend\account-service)
2026-05-17T21:36:56.314+07:00  INFO 32088 --- [account-service] [           main] c.mom.account.AccountServiceApplication  : No active profile set, falling back to 1 default profile: "default"
2026-05-17T21:36:56.340+07:00  INFO 32088 --- [account-service] [           main] o.s.v.c.e.LeaseAwareVaultPropertySource  : Vault location [secret/account-service] not resolvable: Not found
2026-05-17T21:36:56.784+07:00  INFO 32088 --- [account-service] [           main] .s.d.r.c.RepositoryConfigurationDelegate : Multiple Spring Data modules found, entering strict repository configuration mode
2026-05-17T21:36:56.785+07:00  INFO 32088 --- [account-service] [           main] .s.d.r.c.RepositoryConfigurationDelegate : Bootstrapping Spring Data JPA repositories in DEFAULT mode.
2026-05-17T21:36:56.879+07:00  INFO 32088 --- [account-service] [           main] .s.d.r.c.RepositoryConfigurationDelegate : Finished Spring Data repository scanning in 86 ms. Found 3 JPA repository interfaces.
2026-05-17T21:36:56.892+07:00  INFO 32088 --- [account-service] [           main] .s.d.r.c.RepositoryConfigurationDelegate : Multiple Spring Data modules found, entering strict repository configuration mode
2026-05-17T21:36:56.892+07:00  INFO 32088 --- [account-service] [           main] .s.d.r.c.RepositoryConfigurationDelegate : Bootstrapping Spring Data Redis repositories in DEFAULT mode.
2026-05-17T21:36:56.904+07:00  INFO 32088 --- [account-service] [           main] .RepositoryConfigurationExtensionSupport : Spring Data Redis - Could not safely identify store assignment for repository candidate interface com.mom.account.repository.FamilyMemberRepository; If you want this repository to be a Redis repository, consider annotating your entities with one of these annotations: org.springframework.data.redis.core.RedisHash (preferred), or consider extending one of the following types with your repository: org.springframework.data.keyvalue.repository.KeyValueRepository
2026-05-17T21:36:56.904+07:00  INFO 32088 --- [account-service] [           main] .RepositoryConfigurationExtensionSupport : Spring Data Redis - Could not safely identify store assignment for repository candidate interface com.mom.account.repository.FamilyRepository; If you want this repository to be a Redis repository, consider annotating your entities with one of these annotations: org.springframework.data.redis.core.RedisHash (preferred), or consider extending one of the following types with your repository: org.springframework.data.keyvalue.repository.KeyValueRepository
2026-05-17T21:36:56.906+07:00  INFO 32088 --- [account-service] [           main] .RepositoryConfigurationExtensionSupport : Spring Data Redis - Could not safely identify store assignment for repository candidate interface com.mom.account.repository.UserRepository; If you want this repository to be a Redis repository, consider annotating your entities with one of these annotations: org.springframework.data.redis.core.RedisHash (preferred), or consider extending one of the following types with your repository: org.springframework.data.keyvalue.repository.KeyValueRepository
2026-05-17T21:36:56.906+07:00  INFO 32088 --- [account-service] [           main] .s.d.r.c.RepositoryConfigurationDelegate : Finished Spring Data repository scanning in 5 ms. Found 0 Redis repository interfaces.
2026-05-17T21:36:57.092+07:00  INFO 32088 --- [account-service] [           main] o.s.cloud.context.scope.GenericScope     : BeanFactory id=a3578116-1e47-3e1d-9f45-086c6e3a3f38
2026-05-17T21:36:57.381+07:00  INFO 32088 --- [account-service] [           main] o.s.b.w.embedded.tomcat.TomcatWebServer  : Tomcat initialized with port 8082 (http)
2026-05-17T21:36:57.395+07:00  INFO 32088 --- [account-service] [           main] o.apache.catalina.core.StandardService   : Starting service [Tomcat]
2026-05-17T21:36:57.395+07:00  INFO 32088 --- [account-service] [           main] o.apache.catalina.core.StandardEngine    : Starting Servlet engine: [Apache Tomcat/10.1.28]
2026-05-17T21:36:57.459+07:00  INFO 32088 --- [account-service] [           main] o.a.c.c.C.[Tomcat].[localhost].[/]       : Initializing Spring embedded WebApplicationContext
2026-05-17T21:36:57.462+07:00  INFO 32088 --- [account-service] [           main] w.s.c.ServletWebServerApplicationContext : Root WebApplicationContext: initialization completed in 1119 ms
2026-05-17T21:36:57.595+07:00  INFO 32088 --- [account-service] [           main] com.zaxxer.hikari.HikariDataSource       : HikariPool-1 - Starting...
2026-05-17T21:36:57.708+07:00  INFO 32088 --- [account-service] [           main] com.zaxxer.hikari.pool.HikariPool        : HikariPool-1 - Added connection org.postgresql.jdbc.PgConnection@2aa07d80
2026-05-17T21:36:57.712+07:00  INFO 32088 --- [account-service] [           main] com.zaxxer.hikari.HikariDataSource       : HikariPool-1 - Start completed.
2026-05-17T21:36:57.742+07:00  INFO 32088 --- [account-service] [           main] org.flywaydb.core.FlywayExecutor         : Database: jdbc:postgresql://localhost:5432/account_db (PostgreSQL 16.13)
2026-05-17T21:36:57.822+07:00  INFO 32088 --- [account-service] [           main] o.f.core.internal.command.DbValidate     : Successfully validated 3 migrations (execution time 00:00.043s)
2026-05-17T21:36:57.859+07:00  INFO 32088 --- [account-service] [           main] o.f.core.internal.command.DbMigrate      : Current version of schema "public": 3
2026-05-17T21:36:57.864+07:00  INFO 32088 --- [account-service] [           main] o.f.core.internal.command.DbMigrate      : Schema "public" is up to date. No migration necessary.
2026-05-17T21:36:57.952+07:00  INFO 32088 --- [account-service] [           main] o.hibernate.jpa.internal.util.LogHelper  : HHH000204: Processing PersistenceUnitInfo [name: default]
2026-05-17T21:36:58.050+07:00  INFO 32088 --- [account-service] [           main] org.hibernate.Version                    : HHH000412: Hibernate ORM core version 6.5.2.Final
2026-05-17T21:36:58.151+07:00  INFO 32088 --- [account-service] [           main] o.h.c.internal.RegionFactoryInitiator    : HHH000026: Second-level cache disabled
2026-05-17T21:36:58.582+07:00  INFO 32088 --- [account-service] [           main] o.s.o.j.p.SpringPersistenceUnitInfo      : No LoadTimeWeaver setup: ignoring JPA class transformer
2026-05-17T21:36:59.711+07:00  INFO 32088 --- [account-service] [           main] o.h.e.t.j.p.i.JtaPlatformInitiator       : HHH000489: No JTA platform available (set 'hibernate.transaction.jta.platform' to enable JTA platform integration)
2026-05-17T21:36:59.867+07:00  INFO 32088 --- [account-service] [           main] j.LocalContainerEntityManagerFactoryBean : Initialized JPA EntityManagerFactory for persistence unit 'default'
2026-05-17T21:37:01.350+07:00  INFO 32088 --- [account-service] [           main] o.s.b.w.embedded.tomcat.TomcatWebServer  : Tomcat started on port 8082 (http) with context path '/'
2026-05-17T21:37:01.455+07:00  INFO 32088 --- [account-service] [           main] c.mom.account.AccountServiceApplication  : Started AccountServiceApplication in 6.52 seconds (process running for 6.822)
2026-05-17T21:37:04.411+07:00  INFO 32088 --- [account-service] [nio-8082-exec-1] o.a.c.c.C.[Tomcat].[localhost].[/]       : Initializing Spring DispatcherServlet 'dispatcherServlet'
2026-05-17T21:37:04.412+07:00  INFO 32088 --- [account-service] [nio-8082-exec-1] o.s.web.servlet.DispatcherServlet        : Initializing Servlet 'dispatcherServlet'
2026-05-17T21:37:04.414+07:00  INFO 32088 --- [account-service] [nio-8082-exec-1] o.s.web.servlet.DispatcherServlet        : Completed initialization in 1 ms
[INFO] ------------------------------------------------------------------------
[INFO] BUILD FAILURE
[INFO] ------------------------------------------------------------------------
[INFO] Total time:  08:18 min
[INFO] Finished at: 2026-05-17T21:45:08+07:00
[INFO] ------------------------------------------------------------------------
[ERROR] Failed to execute goal org.springframework.boot:spring-boot-maven-plugin:3.3.3:run (default-cli) on project account-service: Process terminated with exit code: -1 -> [Help 1]
[ERROR] 
[ERROR] To see the full stack trace of the errors, re-run Maven with the -e switch.
[ERROR] Re-run Maven using the -X switch to enable full debug logging.
[ERROR] 
[ERROR] For more information about the errors and possible solutions, please read the following articles:
[ERROR] [Help 1] http://cwiki.apache.org/confluence/display/MAVEN/MojoExecutionException
